---
http_interactions:
- request:
    method: put
    uri: https://myflix-yev.s3.amazonaws.com/test/uploads/video/large_cover/1/monk_large.jpg
    body:
      encoding: US-ASCII
      string: ''
    headers:
      User-Agent:
      - fog-core/1.25.0
      Content-Type:
      - text/plain
      X-Amz-Acl:
      - public-read
      X-Amz-Content-Sha256:
      - STREAMING-AWS4-HMAC-SHA256-PAYLOAD
      X-Amz-Decoded-Content-Length:
      - '20451'
      Content-Encoding:
      - aws-chunked
      X-Amz-Date:
      - 20141125T013722Z
      Authorization:
      - AWS4-HMAC-SHA256 Credential=AKIAJ52SLF2JDGH5YCJQ/20141125/us-east-1/s3/aws4_request,
        SignedHeaders=content-encoding;content-type;host;x-amz-acl;x-amz-content-sha256;x-amz-date;x-amz-decoded-content-length,
        Signature=fef1059206d4d840c7a9cf95b13ed5fe636a4eefba2556ee1ff089bfe1d9ac4f
  response:
    status:
      code: 200
      message: ''
    headers:
      X-Amz-Id-2:
      - 2YaGh4GEsp0lGKw1ncyfSnInWDdkY10LUJPKsC+qqma/3I3wZnNTRejIeoukzSaQ
      X-Amz-Request-Id:
      - 34E6899E3D1AB493
      Date:
      - Tue, 25 Nov 2014 01:37:26 GMT
      Etag:
      - '"79c4c439ef414517c5e3519dc80393ec"'
      Content-Length:
      - '0'
      Server:
      - AmazonS3
    body:
      encoding: UTF-8
      string: ''
    http_version: 
  recorded_at: Tue, 25 Nov 2014 01:37:23 GMT
- request:
    method: put
    uri: https://myflix-yev.s3.amazonaws.com/test/uploads/video/small_cover/1/monk_small.jpg
    body:
      encoding: US-ASCII
      string: ''
    headers:
      User-Agent:
      - fog-core/1.25.0
      Content-Type:
      - text/plain
      X-Amz-Acl:
      - public-read
      X-Amz-Content-Sha256:
      - STREAMING-AWS4-HMAC-SHA256-PAYLOAD
      X-Amz-Decoded-Content-Length:
      - '12388'
      Content-Encoding:
      - aws-chunked
      X-Amz-Date:
      - 20141125T013723Z
      Authorization:
      - AWS4-HMAC-SHA256 Credential=AKIAJ52SLF2JDGH5YCJQ/20141125/us-east-1/s3/aws4_request,
        SignedHeaders=content-encoding;content-type;host;x-amz-acl;x-amz-content-sha256;x-amz-date;x-amz-decoded-content-length,
        Signature=9d867dc2c3aafabfd3553b167cc819e0ba52cfc2a15a9ae84454f75c0ed36205
  response:
    status:
      code: 200
      message: ''
    headers:
      X-Amz-Id-2:
      - n5b3ioRDwEBR3FDk+wQ0GpYY6fg1bHiBqdEjWcVIM75vT/SLkKGomAi2TUymxzsT1AFONfzF2KE=
      X-Amz-Request-Id:
      - 1B293153B018D2FE
      Date:
      - Tue, 25 Nov 2014 01:37:27 GMT
      Etag:
      - '"fecf4facac21c8d7cf6ba9027213e704"'
      Content-Length:
      - '0'
      Server:
      - AmazonS3
    body:
      encoding: UTF-8
      string: ''
    http_version: 
  recorded_at: Tue, 25 Nov 2014 01:37:24 GMT
- request:
    method: delete
    uri: https://myflix-yev.s3.amazonaws.com/test/uploads/video/large_cover/1/monk_large.jpg
    body:
      encoding: US-ASCII
      string: ''
    headers:
      User-Agent:
      - fog-core/1.25.0
      X-Amz-Content-Sha256:
      - e3b0c44298fc1c149afbf4c8996fb92427ae41e4649b934ca495991b7852b855
      X-Amz-Date:
      - 20141125T013724Z
      Authorization:
      - AWS4-HMAC-SHA256 Credential=AKIAJ52SLF2JDGH5YCJQ/20141125/us-east-1/s3/aws4_request,
        SignedHeaders=host;x-amz-content-sha256;x-amz-date, Signature=f74d45c4bf8796f6145fcbb2c7bc925c42589ceb699753bcaa5b55a6307155ec
  response:
    status:
      code: 204
      message: ''
    headers:
      X-Amz-Id-2:
      - 9CiAzll6mzzonhAM9BgCQkL1Lul7bFFK189ingdYz+4YEcX4SJwhO1dhyajI+GlaoeAygGgIdl8=
      X-Amz-Request-Id:
      - A8E22F7E22C837F2
      Date:
      - Tue, 25 Nov 2014 01:37:28 GMT
      Server:
      - AmazonS3
    body:
      encoding: UTF-8
      string: ''
    http_version: 
  recorded_at: Tue, 25 Nov 2014 01:37:24 GMT
- request:
    method: delete
    uri: https://myflix-yev.s3.amazonaws.com/test/uploads/video/small_cover/1/monk_small.jpg
    body:
      encoding: US-ASCII
      string: ''
    headers:
      User-Agent:
      - fog-core/1.25.0
      X-Amz-Content-Sha256:
      - e3b0c44298fc1c149afbf4c8996fb92427ae41e4649b934ca495991b7852b855
      X-Amz-Date:
      - 20141125T013724Z
      Authorization:
      - AWS4-HMAC-SHA256 Credential=AKIAJ52SLF2JDGH5YCJQ/20141125/us-east-1/s3/aws4_request,
        SignedHeaders=host;x-amz-content-sha256;x-amz-date, Signature=abb0037ccf11ab3fca569c5070bdb54e80d8168c5139655a3e732673b996f4fb
  response:
    status:
      code: 204
      message: ''
    headers:
      X-Amz-Id-2:
      - 8yvfUDUzeC9PFxlPF/Anhhqlwhykxtjb00maqclHQWc4c1n09CM1Vmx3DYeRZ4PG
      X-Amz-Request-Id:
      - 423DF49CD9B06EF1
      Date:
      - Tue, 25 Nov 2014 01:37:28 GMT
      Server:
      - AmazonS3
    body:
      encoding: UTF-8
      string: ''
    http_version: 
  recorded_at: Tue, 25 Nov 2014 01:37:25 GMT
- request:
    method: delete
    uri: https://myflix-yev.s3.amazonaws.com/test/uploads/video/large_cover/1/monk_large.jpg
    body:
      encoding: US-ASCII
      string: ''
    headers:
      User-Agent:
      - fog-core/1.25.0
      X-Amz-Content-Sha256:
      - e3b0c44298fc1c149afbf4c8996fb92427ae41e4649b934ca495991b7852b855
      X-Amz-Date:
      - 20141125T013725Z
      Authorization:
      - AWS4-HMAC-SHA256 Credential=AKIAJ52SLF2JDGH5YCJQ/20141125/us-east-1/s3/aws4_request,
        SignedHeaders=host;x-amz-content-sha256;x-amz-date, Signature=8199512ba743612ec4931bd2c51cf6eeb2b25c51be81df8549a52d7a3052895e
  response:
    status:
      code: 204
      message: ''
    headers:
      X-Amz-Id-2:
      - H54Nvsfty/1T6yUTBY0pQDElqcSAkmAhxuuZMrGsXvA60qAPBxTz3i0U8eYvZz7h
      X-Amz-Request-Id:
      - 204938C600C9BEE1
      Date:
      - Tue, 25 Nov 2014 01:37:30 GMT
      Server:
      - AmazonS3
    body:
      encoding: UTF-8
      string: ''
    http_version: 
  recorded_at: Tue, 25 Nov 2014 01:37:27 GMT
- request:
    method: delete
    uri: https://myflix-yev.s3.amazonaws.com/test/uploads/video/small_cover/1/monk_small.jpg
    body:
      encoding: US-ASCII
      string: ''
    headers:
      User-Agent:
      - fog-core/1.25.0
      X-Amz-Content-Sha256:
      - e3b0c44298fc1c149afbf4c8996fb92427ae41e4649b934ca495991b7852b855
      X-Amz-Date:
      - 20141125T013727Z
      Authorization:
      - AWS4-HMAC-SHA256 Credential=AKIAJ52SLF2JDGH5YCJQ/20141125/us-east-1/s3/aws4_request,
        SignedHeaders=host;x-amz-content-sha256;x-amz-date, Signature=c7477bbdd3cfd1112d32c00ad38da03e3e662e43c21859577363d95b7e2f1a14
  response:
    status:
      code: 204
      message: ''
    headers:
      X-Amz-Id-2:
      - oHYiHOBtr0IN90A/ZxFadukyvoA3cNxLMdKhTEl1yyXdCdB9YwDQxcv3LIrlo0ao
      X-Amz-Request-Id:
      - A8301ABB0795616E
      Date:
      - Tue, 25 Nov 2014 01:37:31 GMT
      Server:
      - AmazonS3
    body:
      encoding: UTF-8
      string: ''
    http_version: 
  recorded_at: Tue, 25 Nov 2014 01:37:28 GMT
recorded_with: VCR 2.9.3
